parque1 10 10
parque2 5 5
parque3 5 5
parque1 9
AA-00-AA 01-01-2024 08:00 01-01-2024 08:10 0.30
parque2 4
AA-00-AA 01-01-2024 09:01 01-01-2024 09:21 0.80
parque1 9
AA-00-AA 01-01-2024 10:22 01-01-2024 12:02 2.70
parque3 4
AA-00-AA 02-01-2024 15:02 02-01-2024 19:02 5.60
parque1 9
AA-00-AA 02-01-2024 19:15 02-01-2024 23:05 7.20
parque2 4
AA-00-AA 03-01-2024 09:10 03-01-2024 09:10 0.00
parque3 4
AA-01-AA 03-01-2024 19:02 03-01-2024 19:02 0.00
parque1 9
AA-01-AA 03-01-2024 19:05 03-01-2024 19:05 0.00
parque3 4
AA-00-AA 03-01-2024 21:02 03-01-2024 22:02 0.80
parque1 9
AA-00-AA 04-01-2024 10:05 04-01-2024 11:05 1.20
parque1 9
parque1 01-01-2024 08:00 01-01-2024 08:10
parque1 01-01-2024 10:22 01-01-2024 12:02
parque1 02-01-2024 19:15 02-01-2024 23:05
parque1 04-01-2024 10:05 04-01-2024 11:05
parque1 05-01-2024 09:16
parque2 01-01-2024 09:01 01-01-2024 09:21
parque2 03-01-2024 09:10 03-01-2024 09:10
parque3 02-01-2024 15:02 02-01-2024 19:02
parque3 03-01-2024 21:02 03-01-2024 22:02
parque1 03-01-2024 19:05 03-01-2024 19:05
parque3 03-01-2024 19:02 03-01-2024 19:02
AA-02-AA: no entries found in any parking.
XX-YY-ZZ: invalid licence plate.
99-78-11: invalid licence plate.
