parque1 10 10
parque2 5 5
parque3 5 5
parque1 9
AA-00-AA 01-01-2024 08:00 01-01-2024 08:15 0.30
parque1 9
AA-00-AA 01-01-2024 08:17 01-01-2024 08:59 0.90
parque1 9
parque2 4
AA-00-AA 01-01-2024 09:01 01-01-2024 10:01 1.60
parque1 8
AA-00-AA 01-01-2024 10:02 01-01-2024 11:02 1.20
parque3 4
AA-00-AA 01-01-2024 15:02 01-01-2024 19:02 5.60
parque1 8
AA-00-AA 01-01-2024 19:05 02-01-2024 09:05 15.00
parque2 4
AA-00-AA 02-01-2024 09:10 02-01-2024 09:20 0.40
AA-01-AA 01-01-2024 09:00 02-01-2024 09:30 15.60
parque3 4
AA-01-AA 03-01-2024 09:02 04-01-2024 09:02 12.00
parque1 9
AA-01-AA 04-01-2024 09:05 04-01-2024 09:20 0.30
parque3 4
AA-00-AA 05-01-2024 09:02 05-01-2024 10:02 0.80
parque1 9
AA-00-AA 05-01-2024 10:05 05-01-2024 11:05 1.20
parque1 9
01-01-2024 2.40
02-01-2024 30.60
04-01-2024 0.30
05-01-2024 1.20
01-01-2024 1.60
02-01-2024 0.40
01-01-2024 5.60
04-01-2024 12.00
05-01-2024 0.80
