parque1 10 10
parque2 5 5
parque3 5 5
parque1 9
AA-00-AA 01-01-2024 08:00 01-01-2024 08:15 0.30
parque1 9
AA-00-AA 01-01-2024 08:17 01-01-2024 08:59 0.90
parque1 9
parque2 4
AA-00-AA 01-01-2024 09:01 01-01-2024 10:01 1.60
parque1 8
AA-00-AA 01-01-2024 10:02 01-01-2024 11:02 1.20
parque3 4
AA-00-AA 01-01-2024 15:02 01-01-2024 19:02 5.60
parque1 8
AA-00-AA 01-01-2024 19:05 02-01-2024 09:05 15.00
parque2 4
AA-00-AA 02-01-2024 09:10 02-01-2024 09:20 0.40
AA-01-AA 01-01-2024 09:00 02-01-2024 09:30 15.60
parque3 4
AA-01-AA 03-01-2024 09:02 04-01-2024 09:02 12.00
parque1 9
AA-01-AA 04-01-2024 09:05 04-01-2024 09:25 0.60
parque3 4
AA-00-AA 05-01-2024 09:02 05-01-2024 10:02 0.80
parque1 9
AA-00-AA 05-01-2024 10:05 05-01-2024 11:05 1.20
parque1 9
parque4: no such parking.
parque1
parque3
parque1 10 9
parque3 5 5
parque1 01-01-2024 08:00 01-01-2024 08:15
parque1 01-01-2024 08:17 01-01-2024 08:59
parque1 01-01-2024 10:02 01-01-2024 11:02
parque1 01-01-2024 19:05 02-01-2024 09:05
parque1 05-01-2024 10:05 05-01-2024 11:05
parque1 05-01-2024 19:16
parque3 01-01-2024 15:02 01-01-2024 19:02
parque3 05-01-2024 09:02 05-01-2024 10:02
parque1 01-01-2024 09:00 02-01-2024 09:30
parque1 04-01-2024 09:05 04-01-2024 09:25
parque3 03-01-2024 09:02 04-01-2024 09:02
parque1
parque1 10 9
AA-00-AA: no entries found in any parking.
AA-01-AA: no entries found in any parking.
