parque1 4
parque1 3
parque1 2
parque1 1
parque1 0
Parque 2 4
Parque 2 3
Parque 2 2
Parque 2 1
Parque 2 0
parque1 5 0
Parque 2 5 0
