Parque 2: parking already exists.
0: invalid capacity.
invalid cost.
invalid cost.
too many parks.
parque1 10 10
Parque 2 20 20
Parque3 10 10
Parque 7 10 10
Parque 8 10 10
Parque 9 10 10
Parque 10 10 10
Parque 11 10 10
Parque 12 10 10
Parque 13 10 10
Parque 14 10 10
Parque 15 10 10
Parque 16 10 10
Parque 17 10 10
Parque 18 10 10
Parque 19 10 10
Parque 20 10 10
Parque 21 10 10
Parque 22 10 10
Parque 23 10 10
