teste1 19
11-JJ-11 01-01-2024 10:00 01-01-2024 11:00 1.20
teste1 19
11-JJ-11 01-01-2024 11:00 01-01-2024 13:00 3.20
teste1 19
11-JJ-11 01-01-2024 13:00 02-01-2024 13:00 5.00
teste1 19
11-JJ-11 02-01-2024 13:00 06-01-2024 13:00 20.00
teste1 19
11-JJ-11 06-01-2024 13:00 07-01-2024 10:00 5.00
teste1 19
11-JJ-11 07-01-2024 13:00 08-01-2024 15:00 8.20
teste1 19
11-JJ-11 08-01-2024 15:00 18-01-2024 17:00 53.20
