xTmNqP2eCNhmUk 10 10
8Ej0GwjrLsqevXywkxYWQhEkc 4 4
TGDUbNUzcc1oEXbAeXOR4ZtTw 9 9
TGDUbNUzcc1oEXbAeXOR4ZtTw 8
8Ej0GwjrLsqevXywkxYWQhEkc 3
xTmNqP2eCNhmUk 9
8Ej0GwjrLsqevXywkxYWQhEkc 2
8Ej0GwjrLsqevXywkxYWQhEkc 1
8Ej0GwjrLsqevXywkxYWQhEkc 0
41-06-NV 31-03-2024 00:06 31-03-2024 00:10 0.35
WC-JH-57 31-03-2024 00:04 31-03-2024 00:11 0.30
8Ej0GwjrLsqevXywkxYWQhEkc 0
26-IE-07 31-03-2024 00:08 31-03-2024 00:15 0.35
KR-21-CQ 31-03-2024 00:00 31-03-2024 00:18 0.90
TGDUbNUzcc1oEXbAeXOR4ZtTw 8
xTmNqP2eCNhmUk 9
PC-76-KI 31-03-2024 00:20 31-03-2024 00:25 0.45
TGDUbNUzcc1oEXbAeXOR4ZtTw 8
55-67-GP 31-03-2024 00:23 31-03-2024 00:30 0.30
xTmNqP2eCNhmUk 9
86-EV-05 31-03-2024 00:12 31-03-2024 00:34 0.70
TGDUbNUzcc1oEXbAeXOR4ZtTw 7
8Ej0GwjrLsqevXywkxYWQhEkc 1
8Ej0GwjrLsqevXywkxYWQhEkc 0
xTmNqP2eCNhmUk 8
xTmNqP2eCNhmUk 7
KS-53-PQ 31-03-2024 00:27 31-03-2024 00:46 0.90
77-58-YI 31-03-2024 00:07 31-03-2024 00:49 1.05
68-YO-44 31-03-2024 00:41 31-03-2024 00:52 0.30
WC-JH-57 31-03-2024 00:35 31-03-2024 00:53 0.90
50-UQ-21 31-03-2024 00:36 31-03-2024 00:56 0.70
PN-52-00 31-03-2024 00:02 31-03-2024 00:57 1.40
8Ej0GwjrLsqevXywkxYWQhEkc 2
xTmNqP2eCNhmUk 7
TGDUbNUzcc1oEXbAeXOR4ZtTw 8
QN-24-14 31-03-2024 00:39 31-03-2024 01:04 0.70
GW-01-OP 31-03-2024 00:33 31-03-2024 01:05 0.90
TGDUbNUzcc1oEXbAeXOR4ZtTw 7
54-ZB-QP 31-03-2024 01:00 31-03-2024 01:09 0.35
8Ej0GwjrLsqevXywkxYWQhEkc 3
HI-LY-52 31-03-2024 00:43 31-03-2024 01:11 0.60
BB-UR-31 31-03-2024 01:10 31-03-2024 01:12 0.35
WC-JH-57 31-03-2024 01:07 31-03-2024 01:13 0.45
TGDUbNUzcc1oEXbAeXOR4ZtTw 7
PC-76-KI 31-03-2024 01:01 31-03-2024 01:16 0.30
TGDUbNUzcc1oEXbAeXOR4ZtTw 6
TGDUbNUzcc1oEXbAeXOR4ZtTw 5
xTmNqP2eCNhmUk 9
54-ZB-QP 31-03-2024 01:21 31-03-2024 01:26 0.45
84-WL-IP 31-03-2024 01:24 31-03-2024 01:28 0.30
8Ej0GwjrLsqevXywkxYWQhEkc 3
8Ej0GwjrLsqevXywkxYWQhEkc 2
KS-53-PQ 31-03-2024 01:19 31-03-2024 01:35 0.90
xTmNqP2eCNhmUk 9
xTmNqP2eCNhmUk 8
JI-85-74 31-03-2024 01:15 31-03-2024 01:43 0.90
UY-71-42 31-03-2024 01:40 31-03-2024 01:46 0.30
QF-22-BQ 31-03-2024 01:31 31-03-2024 01:48 0.70
WM-ER-61 31-03-2024 01:32 31-03-2024 01:49 0.70
WS-LZ-61 31-03-2024 01:37 31-03-2024 01:52 0.30
77-58-YI 31-03-2024 01:03 31-03-2024 01:55 1.80
TGDUbNUzcc1oEXbAeXOR4ZtTw 8
xTmNqP2eCNhmUk 9
TGDUbNUzcc1oEXbAeXOR4ZtTw 7
QF-22-BQ 31-03-2024 01:59 31-03-2024 02:02 0.30
26-MH-15 31-03-2024 01:56 31-03-2024 02:04 0.45
xTmNqP2eCNhmUk 9
PC-76-KI 31-03-2024 02:00 31-03-2024 02:07 0.45
64-WQ-15 31-03-2024 02:06 31-03-2024 02:10 0.30
TGDUbNUzcc1oEXbAeXOR4ZtTw 8
8Ej0GwjrLsqevXywkxYWQhEkc 3
xTmNqP2eCNhmUk 9
8Ej0GwjrLsqevXywkxYWQhEkc 2
TGDUbNUzcc1oEXbAeXOR4ZtTw 7
IR-52-11 31-03-2024 02:19 31-03-2024 02:22 0.45
8Ej0GwjrLsqevXywkxYWQhEkc 1
8Ej0GwjrLsqevXywkxYWQhEkc 0
50-UQ-21 31-03-2024 02:17 31-03-2024 02:28 0.35
47-11-MD 31-03-2024 02:15 31-03-2024 02:30 0.30
TGDUbNUzcc1oEXbAeXOR4ZtTw 7
TGDUbNUzcc1oEXbAeXOR4ZtTw 6
47-11-MD 31-03-2024 02:35 31-03-2024 02:38 0.45
86-NF-YM 31-03-2024 02:26 31-03-2024 02:41 0.35
55-67-GP 31-03-2024 02:23 31-03-2024 02:43 0.70
EU-75-PP 31-03-2024 02:13 31-03-2024 02:45 1.35
81-UT-26 31-03-2024 02:33 31-03-2024 02:48 0.45
TGDUbNUzcc1oEXbAeXOR4ZtTw 8
TGDUbNUzcc1oEXbAeXOR4ZtTw 7
26-MH-15 31-03-2024 02:14 31-03-2024 02:53 1.05
xTmNqP2eCNhmUk 9
QF-22-BQ 31-03-2024 02:52 31-03-2024 02:57 0.45
WM-ER-61 31-03-2024 02:49 31-03-2024 02:59 0.45
8Ej0GwjrLsqevXywkxYWQhEkc 3
TGDUbNUzcc1oEXbAeXOR4ZtTw 8
KR-21-CQ 31-03-2024 03:03 31-03-2024 03:06 0.45
TG-48-76 31-03-2024 03:00 31-03-2024 03:07 0.35
54-ZB-QP 31-03-2024 02:55 31-03-2024 03:10 0.30
xTmNqP2eCNhmUk 9
8Ej0GwjrLsqevXywkxYWQhEkc 3
77-58-YI 31-03-2024 03:13 31-03-2024 03:14 0.35
26-IE-07 31-03-2024 03:11 31-03-2024 03:15 0.30
8Ej0GwjrLsqevXywkxYWQhEkc 3
TGDUbNUzcc1oEXbAeXOR4ZtTw 8
26-MH-15 31-03-2024 03:17 31-03-2024 03:22 0.35
xTmNqP2eCNhmUk 9
xTmNqP2eCNhmUk 8
xTmNqP2eCNhmUk 7
xTmNqP2eCNhmUk 6
TGDUbNUzcc1oEXbAeXOR4ZtTw 7
xTmNqP2eCNhmUk 5
TGDUbNUzcc1oEXbAeXOR4ZtTw 6
41-06-NV 31-03-2024 03:32 31-03-2024 03:41 0.45
GW-01-OP 31-03-2024 03:35 31-03-2024 03:43 0.30
xTmNqP2eCNhmUk 5
65-AH-RW 31-03-2024 03:26 31-03-2024 03:47 0.60
UY-71-42 31-03-2024 03:46 31-03-2024 03:49 0.30
14-07-KQ 31-03-2024 03:38 31-03-2024 03:51 0.45
xTmNqP2eCNhmUk 6
xTmNqP2eCNhmUk 5
8Ej0GwjrLsqevXywkxYWQhEkc 31-03-2024 00:12 31-03-2024 00:34
xTmNqP2eCNhmUk 31-03-2024 03:29
8Ej0GwjrLsqevXywkxYWQhEkc 31-03-2024 01:31 31-03-2024 01:48
TGDUbNUzcc1oEXbAeXOR4ZtTw 31-03-2024 02:52 31-03-2024 02:57
xTmNqP2eCNhmUk 31-03-2024 01:59 31-03-2024 02:02
8Ej0GwjrLsqevXywkxYWQhEkc 31-03-2024 00:39 31-03-2024 01:04
xTmNqP2eCNhmUk 31-03-2024 01:24 31-03-2024 01:28
8Ej0GwjrLsqevXywkxYWQhEkc 31-03-2024 02:14 31-03-2024 02:53
8Ej0GwjrLsqevXywkxYWQhEkc 31-03-2024 03:17 31-03-2024 03:22
TGDUbNUzcc1oEXbAeXOR4ZtTw 31-03-2024 01:56 31-03-2024 02:04
TGDUbNUzcc1oEXbAeXOR4ZtTw 31-03-2024 00:27 31-03-2024 00:46
TGDUbNUzcc1oEXbAeXOR4ZtTw 31-03-2024 01:19 31-03-2024 01:35
26-XR-24: no entries found in any parking.
xTmNqP2eCNhmUk 31-03-2024 00:33 31-03-2024 01:05
xTmNqP2eCNhmUk 31-03-2024 03:35 31-03-2024 03:43
8Ej0GwjrLsqevXywkxYWQhEkc 31-03-2024 00:08 31-03-2024 00:15
xTmNqP2eCNhmUk 31-03-2024 03:11 31-03-2024 03:15
EL-86-16: no entries found in any parking.
xTmNqP2eCNhmUk 31-03-2024 01:40 31-03-2024 01:46
xTmNqP2eCNhmUk 31-03-2024 03:46 31-03-2024 03:49
xTmNqP2eCNhmUk 31-03-2024 03:24
8Ej0GwjrLsqevXywkxYWQhEkc 31-03-2024 01:32 31-03-2024 01:49
TGDUbNUzcc1oEXbAeXOR4ZtTw 31-03-2024 02:49 31-03-2024 02:59
TGDUbNUzcc1oEXbAeXOR4ZtTw 31-03-2024 02:35 31-03-2024 02:38
xTmNqP2eCNhmUk 31-03-2024 02:15 31-03-2024 02:30
xTmNqP2eCNhmUk 31-03-2024 03:56
TGDUbNUzcc1oEXbAeXOR4ZtTw 31-03-2024 01:15 31-03-2024 01:43
TGDUbNUzcc1oEXbAeXOR4ZtTw 31-03-2024 00:00 31-03-2024 00:18
TGDUbNUzcc1oEXbAeXOR4ZtTw 31-03-2024 03:03 31-03-2024 03:06
xTmNqP2eCNhmUk 31-03-2024 00:43 31-03-2024 01:11
xTmNqP2eCNhmUk 31-03-2024 02:06 31-03-2024 02:10
VK-IS-58: no entries found in any parking.
TGDUbNUzcc1oEXbAeXOR4ZtTw 31-03-2024 03:19
xTmNqP2eCNhmUk 31-03-2024 01:37 31-03-2024 01:52
TGDUbNUzcc1oEXbAeXOR4ZtTw 31-03-2024 00:35 31-03-2024 00:53
TGDUbNUzcc1oEXbAeXOR4ZtTw 31-03-2024 01:07 31-03-2024 01:13
xTmNqP2eCNhmUk 31-03-2024 00:04 31-03-2024 00:11
8Ej0GwjrLsqevXywkxYWQhEkc 31-03-2024 01:10 31-03-2024 01:12
54-32-XM: no entries found in any parking.
8Ej0GwjrLsqevXywkxYWQhEkc 31-03-2024 00:02 31-03-2024 00:57
14-VH-WI: no entries found in any parking.
8Ej0GwjrLsqevXywkxYWQhEkc 31-03-2024 00:36 31-03-2024 00:56
8Ej0GwjrLsqevXywkxYWQhEkc 31-03-2024 02:17 31-03-2024 02:28
TGDUbNUzcc1oEXbAeXOR4ZtTw 31-03-2024 00:20 31-03-2024 00:25
TGDUbNUzcc1oEXbAeXOR4ZtTw 31-03-2024 02:00 31-03-2024 02:07
xTmNqP2eCNhmUk 31-03-2024 01:01 31-03-2024 01:16
GK-14-JJ: no entries found in any parking.
8Ej0GwjrLsqevXywkxYWQhEkc 31-03-2024 03:00 31-03-2024 03:07
QA-75-43: no entries found in any parking.
SU-10-RE: no entries found in any parking.
xTmNqP2eCNhmUk 31-03-2024 03:26 31-03-2024 03:47
TGDUbNUzcc1oEXbAeXOR4ZtTw 31-03-2024 02:19 31-03-2024 02:22
76-13-SW: no entries found in any parking.
xTmNqP2eCNhmUk 31-03-2024 00:41 31-03-2024 00:52
xTmNqP2eCNhmUk 31-03-2024 03:53
8Ej0GwjrLsqevXywkxYWQhEkc 31-03-2024 00:07 31-03-2024 00:49
8Ej0GwjrLsqevXywkxYWQhEkc 31-03-2024 03:13 31-03-2024 03:14
TGDUbNUzcc1oEXbAeXOR4ZtTw 31-03-2024 01:03 31-03-2024 01:55
8Ej0GwjrLsqevXywkxYWQhEkc 31-03-2024 02:23 31-03-2024 02:43
xTmNqP2eCNhmUk 31-03-2024 00:23 31-03-2024 00:30
TGDUbNUzcc1oEXbAeXOR4ZtTw 31-03-2024 02:13 31-03-2024 02:45
8Ej0GwjrLsqevXywkxYWQhEkc 31-03-2024 00:06 31-03-2024 00:10
TGDUbNUzcc1oEXbAeXOR4ZtTw 31-03-2024 03:32 31-03-2024 03:41
TGDUbNUzcc1oEXbAeXOR4ZtTw 31-03-2024 03:38 31-03-2024 03:51
xTmNqP2eCNhmUk 31-03-2024 03:28
8Ej0GwjrLsqevXywkxYWQhEkc 31-03-2024 01:00 31-03-2024 01:09
TGDUbNUzcc1oEXbAeXOR4ZtTw 31-03-2024 01:21 31-03-2024 01:26
xTmNqP2eCNhmUk 31-03-2024 02:55 31-03-2024 03:10
FQ-64-WY: no entries found in any parking.
8Ej0GwjrLsqevXywkxYWQhEkc 31-03-2024 02:26 31-03-2024 02:41
TGDUbNUzcc1oEXbAeXOR4ZtTw 31-03-2024 02:33 31-03-2024 02:48
WC-JH-57 00:11 0.30
55-67-GP 00:30 0.30
68-YO-44 00:52 0.30
GW-01-OP 01:05 0.90
HI-LY-52 01:11 0.60
PC-76-KI 01:16 0.30
84-WL-IP 01:28 0.30
UY-71-42 01:46 0.30
WS-LZ-61 01:52 0.30
QF-22-BQ 02:02 0.30
64-WQ-15 02:10 0.30
47-11-MD 02:30 0.30
54-ZB-QP 03:10 0.30
26-IE-07 03:15 0.30
GW-01-OP 03:43 0.30
65-AH-RW 03:47 0.60
UY-71-42 03:49 0.30
41-06-NV 00:10 0.35
26-IE-07 00:15 0.35
86-EV-05 00:34 0.70
77-58-YI 00:49 1.05
50-UQ-21 00:56 0.70
PN-52-00 00:57 1.40
QN-24-14 01:04 0.70
54-ZB-QP 01:09 0.35
BB-UR-31 01:12 0.35
QF-22-BQ 01:48 0.70
WM-ER-61 01:49 0.70
50-UQ-21 02:28 0.35
86-NF-YM 02:41 0.35
55-67-GP 02:43 0.70
26-MH-15 02:53 1.05
TG-48-76 03:07 0.35
77-58-YI 03:14 0.35
26-MH-15 03:22 0.35
KR-21-CQ 00:18 0.90
PC-76-KI 00:25 0.45
KS-53-PQ 00:46 0.90
WC-JH-57 00:53 0.90
WC-JH-57 01:13 0.45
54-ZB-QP 01:26 0.45
KS-53-PQ 01:35 0.90
JI-85-74 01:43 0.90
77-58-YI 01:55 1.80
26-MH-15 02:04 0.45
PC-76-KI 02:07 0.45
IR-52-11 02:22 0.45
47-11-MD 02:38 0.45
EU-75-PP 02:45 1.35
81-UT-26 02:48 0.45
QF-22-BQ 02:57 0.45
WM-ER-61 02:59 0.45
KR-21-CQ 03:06 0.45
41-06-NV 03:41 0.45
14-07-KQ 03:51 0.45
31-03-2024 6.30
31-03-2024 10.85
31-03-2024 13.50
TGDUbNUzcc1oEXbAeXOR4ZtTw
xTmNqP2eCNhmUk
TGDUbNUzcc1oEXbAeXOR4ZtTw
EWkCcULzA8KULPfbJxwy7aQaWr 10 10
Y2EAaQr 9 9
LlkEXQNQnRUIG1KAnFvTMqH 6 6
LlkEXQNQnRUIG1KAnFvTMqH 5
LlkEXQNQnRUIG1KAnFvTMqH 4
EWkCcULzA8KULPfbJxwy7aQaWr 9
Y2EAaQr 8
LlkEXQNQnRUIG1KAnFvTMqH 3
EWkCcULzA8KULPfbJxwy7aQaWr 8
EWkCcULzA8KULPfbJxwy7aQaWr 7
LlkEXQNQnRUIG1KAnFvTMqH 2
Y2EAaQr 7
LlkEXQNQnRUIG1KAnFvTMqH 1
Y2EAaQr 6
LlkEXQNQnRUIG1KAnFvTMqH 0
EWkCcULzA8KULPfbJxwy7aQaWr 6
Y2EAaQr 5
EWkCcULzA8KULPfbJxwy7aQaWr 5
Y2EAaQr 4
PB-DT-82 31-03-2024 03:57 31-03-2024 04:29 1.05
Y2EAaQr 3
EWkCcULzA8KULPfbJxwy7aQaWr 4
RK-VM-84 31-03-2024 04:30 31-03-2024 04:35 0.30
UT-GO-17 31-03-2024 04:16 31-03-2024 04:37 0.70
13-34-BY 31-03-2024 04:04 31-03-2024 04:38 1.05
Y2EAaQr 3
IN-FU-75 31-03-2024 04:24 31-03-2024 04:44 0.60
25-UN-37 31-03-2024 04:09 31-03-2024 04:47 1.20
EWkCcULzA8KULPfbJxwy7aQaWr 4
DW-28-EE 31-03-2024 04:18 31-03-2024 04:50 1.05
DD-15-38 31-03-2024 03:58 31-03-2024 04:53 1.40
LG-02-47 31-03-2024 04:41 31-03-2024 04:54 0.30
56-MC-FA 31-03-2024 04:28 31-03-2024 04:55 0.60
EWkCcULzA8KULPfbJxwy7aQaWr 3
EWkCcULzA8KULPfbJxwy7aQaWr 2
VX-BW-57 31-03-2024 04:58 31-03-2024 05:02 0.40
LlkEXQNQnRUIG1KAnFvTMqH 4
LlkEXQNQnRUIG1KAnFvTMqH 3
LlkEXQNQnRUIG1KAnFvTMqH 2
Y2EAaQr 5
EU-52-FA 31-03-2024 04:00 31-03-2024 05:13 2.20
81-OV-RE 31-03-2024 04:02 31-03-2024 05:15 1.65
LlkEXQNQnRUIG1KAnFvTMqH 1
22-38-PC 31-03-2024 05:11 31-03-2024 05:19 0.30
UK-00-70 31-03-2024 04:48 31-03-2024 05:22 1.20
55-MF-06 31-03-2024 05:08 31-03-2024 05:24 0.70
55-76-RV 31-03-2024 05:18 31-03-2024 05:25 0.35
Y2EAaQr 6
87-87-GD 31-03-2024 04:21 31-03-2024 05:28 2.20
LlkEXQNQnRUIG1KAnFvTMqH 2
Y2EAaQr 5
31-TB-NE 31-03-2024 05:03 31-03-2024 05:31 0.70
15-35-LX 31-03-2024 05:26 31-03-2024 05:34 0.30
47-QX-46 31-03-2024 04:11 31-03-2024 05:35 2.30
AE-AG-05 31-03-2024 05:00 31-03-2024 05:37 1.20
LlkEXQNQnRUIG1KAnFvTMqH 3
Y2EAaQr 5
LlkEXQNQnRUIG1KAnFvTMqH 2
LlkEXQNQnRUIG1KAnFvTMqH 1
EWkCcULzA8KULPfbJxwy7aQaWr 6
76-VT-IC 31-03-2024 04:33 31-03-2024 05:53 2.80
SQ-RY-76 31-03-2024 05:06 31-03-2024 05:54 1.40
EWkCcULzA8KULPfbJxwy7aQaWr 6
KX-15-TQ 31-03-2024 04:17 31-03-2024 06:00 2.55
04-00-YG 31-03-2024 04:07 31-03-2024 06:03 4.00
EWkCcULzA8KULPfbJxwy7aQaWr 6
SP-LI-50 31-03-2024 04:26 31-03-2024 06:09 3.40
EWkCcULzA8KULPfbJxwy7aQaWr 6
LlkEXQNQnRUIG1KAnFvTMqH 1
EWkCcULzA8KULPfbJxwy7aQaWr 5
62-82-CF 31-03-2024 04:13 31-03-2024 06:17 3.45
12-VO-16 31-03-2024 05:57 31-03-2024 06:19 0.80
KS-AF-71 31-03-2024 05:29 31-03-2024 06:20 1.40
IY-00-OI 31-03-2024 05:45 31-03-2024 06:23 1.05
Y2EAaQr 6
LlkEXQNQnRUIG1KAnFvTMqH 2
70-IY-XZ 31-03-2024 05:47 31-03-2024 06:31 1.05
Y2EAaQr 5
Y2EAaQr 4
LlkEXQNQnRUIG1KAnFvTMqH 2
04-00-YG 31-03-2024 06:34 31-03-2024 06:36 0.30
45-84-NN 31-03-2024 06:26 31-03-2024 06:39 0.30
20-WR-HA 31-03-2024 06:29 31-03-2024 06:41 0.35
LlkEXQNQnRUIG1KAnFvTMqH 2
RY-53-11 31-03-2024 05:30 31-03-2024 06:45 1.65
AE-AG-05 31-03-2024 05:40 31-03-2024 06:46 1.85
76-UL-UR 31-03-2024 06:43 31-03-2024 06:48 0.35
Y2EAaQr 6
75-17-NF 31-03-2024 05:42 31-03-2024 06:54 1.65
LlkEXQNQnRUIG1KAnFvTMqH 3
13-34-BY 31-03-2024 06:16 31-03-2024 06:57 1.20
LlkEXQNQnRUIG1KAnFvTMqH 2
VX-08-17 31-03-2024 06:35 31-03-2024 07:03 0.70
EWkCcULzA8KULPfbJxwy7aQaWr 6
55-MF-06 31-03-2024 06:06 31-03-2024 07:07 2.20
RB-FH-46 31-03-2024 05:50 31-03-2024 07:08 2.80
IY-00-OI 31-03-2024 06:56 31-03-2024 07:11 0.35
LlkEXQNQnRUIG1KAnFvTMqH 3
Y2EAaQr 6
Y2EAaQr 5
Y2EAaQr 4
76-UL-UR 31-03-2024 07:15 31-03-2024 07:20 0.30
ZG-SP-24 31-03-2024 07:00 31-03-2024 07:23 0.70
LlkEXQNQnRUIG1KAnFvTMqH 3
74-55-ZU 31-03-2024 07:16 31-03-2024 07:28 0.30
Y2EAaQr 5
LlkEXQNQnRUIG1KAnFvTMqH 2
EWkCcULzA8KULPfbJxwy7aQaWr 7
EWkCcULzA8KULPfbJxwy7aQaWr 6
KX-15-TQ 31-03-2024 07:12 31-03-2024 07:39 0.70
Y2EAaQr 4
NF-60-LB 31-03-2024 07:30 31-03-2024 07:43 0.30
Y2EAaQr 4
Y2EAaQr 3
PE-40-TV 31-03-2024 07:05 31-03-2024 07:50 1.20
IY-00-OI 31-03-2024 07:33 31-03-2024 07:51 0.80
46-43-ZN 31-03-2024 06:51 31-03-2024 07:53 1.65
Y2EAaQr 3
LlkEXQNQnRUIG1KAnFvTMqH 2
Y2EAaQr 2
Y2EAaQr 1
Y2EAaQr 0
10-35-BL 31-03-2024 07:31 31-03-2024 08:05 1.05
17-YZ-68 31-03-2024 07:59 31-03-2024 08:06 0.30
64-OU-SO 31-03-2024 07:48 31-03-2024 08:09 0.60
Y2EAaQr 1
BV-MD-28 31-03-2024 07:57 31-03-2024 08:13 0.70
PB-DT-82 31-03-2024 07:25 31-03-2024 08:14 1.40
LlkEXQNQnRUIG1KAnFvTMqH 4
Y2EAaQr 0
LlkEXQNQnRUIG1KAnFvTMqH 3
EWkCcULzA8KULPfbJxwy7aQaWr 7
OO-80-LI 31-03-2024 08:18 31-03-2024 08:24 0.30
Y2EAaQr 0
DB-BA-43 31-03-2024 07:54 31-03-2024 08:28 0.90
LlkEXQNQnRUIG1KAnFvTMqH 2
GF-XA-42 31-03-2024 06:13 31-03-2024 08:34 4.10
LlkEXQNQnRUIG1KAnFvTMqH 2
EWkCcULzA8KULPfbJxwy7aQaWr 6
EWkCcULzA8KULPfbJxwy7aQaWr 5
LlkEXQNQnRUIG1KAnFvTMqH 1
LlkEXQNQnRUIG1KAnFvTMqH 0
UK-00-70 31-03-2024 06:10 31-03-2024 08:50 5.80
Y2EAaQr 0
15-35-LX 31-03-2024 08:37 31-03-2024 08:53 0.70
35-80-LN 31-03-2024 08:52 31-03-2024 08:54 0.30
LlkEXQNQnRUIG1KAnFvTMqH 0
53-22-XI 31-03-2024 08:47 31-03-2024 09:00 0.35
BS-ZH-10 31-03-2024 06:33 31-03-2024 09:02 3.90
LlkEXQNQnRUIG1KAnFvTMqH 0
EWkCcULzA8KULPfbJxwy7aQaWr 5
AE-36-73 31-03-2024 07:36 31-03-2024 09:08 3.40
DD-15-38 31-03-2024 09:05 31-03-2024 09:10 0.40
RY-53-11 31-03-2024 08:00 31-03-2024 09:12 1.65
10-35-BL 31-03-2024 08:12 31-03-2024 09:14 1.65
62-82-CF 31-03-2024 08:25 31-03-2024 09:15 1.20
RB-FH-46 31-03-2024 08:57 31-03-2024 09:16 0.70
17-YZ-68 31-03-2024 08:44 31-03-2024 09:17 1.05
EWkCcULzA8KULPfbJxwy7aQaWr 6
74-55-ZU 31-03-2024 08:39 31-03-2024 09:21 1.20
LlkEXQNQnRUIG1KAnFvTMqH 1
DW-28-EE 31-03-2024 07:18 31-03-2024 09:27 3.45
LlkEXQNQnRUIG1KAnFvTMqH 0
EWkCcULzA8KULPfbJxwy7aQaWr 6
25-UN-37 31-03-2024 09:24 31-03-2024 09:31 0.35
LlkEXQNQnRUIG1KAnFvTMqH 0
Y2EAaQr 5
EWkCcULzA8KULPfbJxwy7aQaWr 5
08-PM-SO 31-03-2024 08:19 31-03-2024 09:38 2.30
61-OS-72 31-03-2024 09:03 31-03-2024 09:40 1.05
AE-AG-05 31-03-2024 07:45 31-03-2024 09:43 3.00
10-CI-GX 31-03-2024 09:32 31-03-2024 09:44 0.35
85-XG-KG 31-03-2024 09:29 31-03-2024 09:45 0.70
Y2EAaQr 5
06-34-CD 31-03-2024 07:41 31-03-2024 09:49 3.45
PB-DT-82 31-03-2024 08:31 31-03-2024 09:51 2.30
Y2EAaQr 5
XR-81-VT 31-03-2024 09:47 31-03-2024 09:54 0.30
25-AM-YC 31-03-2024 08:16 31-03-2024 09:56 2.75
Y2EAaQr 5
EWkCcULzA8KULPfbJxwy7aQaWr 4
LG-02-47 31-03-2024 09:18 31-03-2024 10:00 1.20
LlkEXQNQnRUIG1KAnFvTMqH 5
LlkEXQNQnRUIG1KAnFvTMqH 4
SP-AT-45 31-03-2024 09:37 31-03-2024 10:06 0.80
25-CU-23 31-03-2024 08:22 31-03-2024 10:07 3.40
25-UN-37 31-03-2024 09:57 31-03-2024 10:10 0.30
Y2EAaQr 5
10-35-BL 31-03-2024 10:03 31-03-2024 10:12 0.35
LlkEXQNQnRUIG1KAnFvTMqH 4
EWkCcULzA8KULPfbJxwy7aQaWr 6
GF-XA-42 31-03-2024 10:17 31-03-2024 10:19 0.40
LlkEXQNQnRUIG1KAnFvTMqH 3
47-QX-46 31-03-2024 10:14 31-03-2024 10:21 0.35
EWkCcULzA8KULPfbJxwy7aQaWr 6
XQ-86-ZB 31-03-2024 09:52 31-03-2024 10:25 0.90
LlkEXQNQnRUIG1KAnFvTMqH 3
LlkEXQNQnRUIG1KAnFvTMqH 2
EWkCcULzA8KULPfbJxwy7aQaWr 5
20-WR-HA 31-03-2024 10:28 31-03-2024 10:30 0.40
KX-15-TQ 31-03-2024 08:03 31-03-2024 10:31 3.90
AE-AG-05 31-03-2024 09:59 31-03-2024 10:33 1.20
45-41-YZ 31-03-2024 08:42 31-03-2024 10:35 4.00
Y2EAaQr 6
EWkCcULzA8KULPfbJxwy7aQaWr 7
76-UL-UR 31-03-2024 10:22 31-03-2024 10:42 0.80
EWkCcULzA8KULPfbJxwy7aQaWr 7
23-DE-46 31-03-2024 10:01 31-03-2024 10:46 1.05
74-55-ZU 31-03-2024 10:27 31-03-2024 10:49 0.70
LlkEXQNQnRUIG1KAnFvTMqH 3
IY-00-OI 31-03-2024 10:20 31-03-2024 10:54 1.05
Y2EAaQr 5
45-41-YZ 31-03-2024 10:52 31-03-2024 10:58 0.35
Y2EAaQr 4
LlkEXQNQnRUIG1KAnFvTMqH 4
LlkEXQNQnRUIG1KAnFvTMqH 3
LlkEXQNQnRUIG1KAnFvTMqH 2
Y2EAaQr 3
74-55-ZU 31-03-2024 11:01 31-03-2024 11:08 0.35
00-IO-05 31-03-2024 11:06 31-03-2024 11:10 0.35
EWkCcULzA8KULPfbJxwy7aQaWr 6
65-DD-64 31-03-2024 10:11 31-03-2024 11:13 1.65
Y2EAaQr 3
LlkEXQNQnRUIG1KAnFvTMqH 3
SQ-RY-76 31-03-2024 09:35 31-03-2024 11:20 2.55
SP-AT-45 31-03-2024 11:16 31-03-2024 11:21 0.30
Y2EAaQr 4
EWkCcULzA8KULPfbJxwy7aQaWr 5
EWkCcULzA8KULPfbJxwy7aQaWr 4
Y2EAaQr 3
EWkCcULzA8KULPfbJxwy7aQaWr 3
Y2EAaQr 2
UT-GO-17 31-03-2024 11:07 31-03-2024 11:35 0.60
EWkCcULzA8KULPfbJxwy7aQaWr 2
LlkEXQNQnRUIG1KAnFvTMqH 2
EWkCcULzA8KULPfbJxwy7aQaWr 1
EWkCcULzA8KULPfbJxwy7aQaWr 0
44-GZ-12 31-03-2024 11:23 31-03-2024 11:45 0.60
LlkEXQNQnRUIG1KAnFvTMqH 1
64-OU-SO 31-03-2024 11:43 31-03-2024 11:49 0.40
Y2EAaQr 3
EWkCcULzA8KULPfbJxwy7aQaWr 0
12-VO-16 31-03-2024 11:34 31-03-2024 11:55 0.60
74-55-ZU 31-03-2024 11:19 31-03-2024 11:57 1.05
43-70-SF 31-03-2024 10:26 31-03-2024 11:59 2.75
Y2EAaQr 3
45-84-NN 31-03-2024 10:39 31-03-2024 12:03 2.80
EWkCcULzA8KULPfbJxwy7aQaWr 0
CL-47-07 31-03-2024 11:00 31-03-2024 12:08 1.65
05-HD-34 31-03-2024 10:38 31-03-2024 12:09 2.55
IT-08-86 31-03-2024 10:57 31-03-2024 12:10 1.65
EWkCcULzA8KULPfbJxwy7aQaWr 31-03-2024 08:39 31-03-2024 09:21
LlkEXQNQnRUIG1KAnFvTMqH 31-03-2024 10:27 31-03-2024 10:49
LlkEXQNQnRUIG1KAnFvTMqH 31-03-2024 11:01 31-03-2024 11:08
LlkEXQNQnRUIG1KAnFvTMqH 31-03-2024 11:19 31-03-2024 11:57
Y2EAaQr 31-03-2024 07:16 31-03-2024 07:28
EWkCcULzA8KULPfbJxwy7aQaWr 31-03-2024 11:53
EWkCcULzA8KULPfbJxwy7aQaWr 31-03-2024 04:09 31-03-2024 04:47
LlkEXQNQnRUIG1KAnFvTMqH 31-03-2024 09:24 31-03-2024 09:31
Y2EAaQr 31-03-2024 09:57 31-03-2024 10:10
EWkCcULzA8KULPfbJxwy7aQaWr 31-03-2024 11:25
EWkCcULzA8KULPfbJxwy7aQaWr 31-03-2024 04:00 31-03-2024 05:13
LlkEXQNQnRUIG1KAnFvTMqH 31-03-2024 05:06 31-03-2024 05:54
Y2EAaQr 31-03-2024 09:35 31-03-2024 11:20
EWkCcULzA8KULPfbJxwy7aQaWr 31-03-2024 08:22 31-03-2024 10:07
EWkCcULzA8KULPfbJxwy7aQaWr 31-03-2024 10:45
LlkEXQNQnRUIG1KAnFvTMqH 31-03-2024 08:44 31-03-2024 09:17
Y2EAaQr 31-03-2024 07:59 31-03-2024 08:06
EWkCcULzA8KULPfbJxwy7aQaWr 31-03-2024 05:00 31-03-2024 05:37
EWkCcULzA8KULPfbJxwy7aQaWr 31-03-2024 09:59 31-03-2024 10:33
EWkCcULzA8KULPfbJxwy7aQaWr 31-03-2024 11:11
LlkEXQNQnRUIG1KAnFvTMqH 31-03-2024 05:40 31-03-2024 06:46
Y2EAaQr 31-03-2024 07:45 31-03-2024 09:43
EWkCcULzA8KULPfbJxwy7aQaWr 31-03-2024 04:26 31-03-2024 06:09
RW-ZG-11: no entries found in any parking.
LlkEXQNQnRUIG1KAnFvTMqH 31-03-2024 03:57 31-03-2024 04:29
LlkEXQNQnRUIG1KAnFvTMqH 31-03-2024 07:25 31-03-2024 08:14
LlkEXQNQnRUIG1KAnFvTMqH 31-03-2024 08:31 31-03-2024 09:51
LlkEXQNQnRUIG1KAnFvTMqH 31-03-2024 08:37 31-03-2024 08:53
Y2EAaQr 31-03-2024 05:26 31-03-2024 05:34
EWkCcULzA8KULPfbJxwy7aQaWr 31-03-2024 07:36 31-03-2024 09:08
EWkCcULzA8KULPfbJxwy7aQaWr 31-03-2024 06:16 31-03-2024 06:57
EWkCcULzA8KULPfbJxwy7aQaWr 31-03-2024 11:37
LlkEXQNQnRUIG1KAnFvTMqH 31-03-2024 04:04 31-03-2024 04:38
LlkEXQNQnRUIG1KAnFvTMqH 31-03-2024 09:32 31-03-2024 09:44
EWkCcULzA8KULPfbJxwy7aQaWr 31-03-2024 11:43 31-03-2024 11:49
Y2EAaQr 31-03-2024 07:48 31-03-2024 08:09
LlkEXQNQnRUIG1KAnFvTMqH 31-03-2024 10:26 31-03-2024 11:59
Y2EAaQr 31-03-2024 06:33 31-03-2024 09:02
23-42-QF: no entries found in any parking.
Y2EAaQr 31-03-2024 07:41 31-03-2024 09:49
Y2EAaQr 31-03-2024 06:51 31-03-2024 07:53
EWkCcULzA8KULPfbJxwy7aQaWr 31-03-2024 09:37 31-03-2024 10:06
Y2EAaQr 31-03-2024 11:16 31-03-2024 11:21
EWkCcULzA8KULPfbJxwy7aQaWr 31-03-2024 04:48 31-03-2024 05:22
EWkCcULzA8KULPfbJxwy7aQaWr 31-03-2024 06:10 31-03-2024 08:50
EWkCcULzA8KULPfbJxwy7aQaWr 31-03-2024 11:32
23-KO-72: no entries found in any parking.
Y2EAaQr 31-03-2024 08:52 31-03-2024 08:54
EWkCcULzA8KULPfbJxwy7aQaWr 31-03-2024 09:18 31-03-2024 10:00
Y2EAaQr 31-03-2024 04:41 31-03-2024 04:54
EWkCcULzA8KULPfbJxwy7aQaWr 31-03-2024 08:42 31-03-2024 10:35
LlkEXQNQnRUIG1KAnFvTMqH 31-03-2024 10:52 31-03-2024 10:58
Y2EAaQr 31-03-2024 04:24 31-03-2024 04:44
Y2EAaQr 31-03-2024 08:18 31-03-2024 08:24
EWkCcULzA8KULPfbJxwy7aQaWr 31-03-2024 10:39 31-03-2024 12:03
Y2EAaQr 31-03-2024 06:26 31-03-2024 06:39
Y2EAaQr 31-03-2024 07:54 31-03-2024 08:28
EWkCcULzA8KULPfbJxwy7aQaWr 31-03-2024 06:06 31-03-2024 07:07
LlkEXQNQnRUIG1KAnFvTMqH 31-03-2024 05:08 31-03-2024 05:24
LlkEXQNQnRUIG1KAnFvTMqH 31-03-2024 11:39
LlkEXQNQnRUIG1KAnFvTMqH 31-03-2024 07:57 31-03-2024 08:13
LlkEXQNQnRUIG1KAnFvTMqH 31-03-2024 08:19 31-03-2024 09:38
Y2EAaQr 31-03-2024 10:11 31-03-2024 11:13
LlkEXQNQnRUIG1KAnFvTMqH 31-03-2024 07:00 31-03-2024 07:23
EWkCcULzA8KULPfbJxwy7aQaWr 31-03-2024 10:22 31-03-2024 10:42
LlkEXQNQnRUIG1KAnFvTMqH 31-03-2024 06:43 31-03-2024 06:48
Y2EAaQr 31-03-2024 07:15 31-03-2024 07:20
20-75-JJ: no entries found in any parking.
Y2EAaQr 31-03-2024 11:23 31-03-2024 11:45
87-MU-EB: no entries found in any parking.
EWkCcULzA8KULPfbJxwy7aQaWr 31-03-2024 11:28
LlkEXQNQnRUIG1KAnFvTMqH 31-03-2024 08:47 31-03-2024 09:00
68-CS-51: no entries found in any parking.
LlkEXQNQnRUIG1KAnFvTMqH 31-03-2024 11:47
Y2EAaQr 31-03-2024 04:30 31-03-2024 04:35
Y2EAaQr 31-03-2024 04:28 31-03-2024 04:55
Y2EAaQr 31-03-2024 12:00
Y2EAaQr 31-03-2024 05:11 31-03-2024 05:19
Y2EAaQr 31-03-2024 05:30 31-03-2024 06:45
Y2EAaQr 31-03-2024 08:00 31-03-2024 09:12
Y2EAaQr 31-03-2024 04:13 31-03-2024 06:17
Y2EAaQr 31-03-2024 08:25 31-03-2024 09:15
EWkCcULzA8KULPfbJxwy7aQaWr 31-03-2024 09:05 31-03-2024 09:10
LlkEXQNQnRUIG1KAnFvTMqH 31-03-2024 03:58 31-03-2024 04:53
WY-83-WE: no entries found in any parking.
GW-KR-85: no entries found in any parking.
LlkEXQNQnRUIG1KAnFvTMqH 31-03-2024 06:35 31-03-2024 07:03
74-VQ-UK: no entries found in any parking.
LlkEXQNQnRUIG1KAnFvTMqH 31-03-2024 04:18 31-03-2024 04:50
Y2EAaQr 31-03-2024 07:18 31-03-2024 09:27
LlkEXQNQnRUIG1KAnFvTMqH 31-03-2024 05:47 31-03-2024 06:31
EWkCcULzA8KULPfbJxwy7aQaWr 31-03-2024 07:05 31-03-2024 07:50
Y2EAaQr 31-03-2024 11:50
Y2EAaQr 31-03-2024 09:52 31-03-2024 10:25
EWkCcULzA8KULPfbJxwy7aQaWr 31-03-2024 10:17 31-03-2024 10:19
LlkEXQNQnRUIG1KAnFvTMqH 31-03-2024 06:13 31-03-2024 08:34
LL-LP-75: no entries found in any parking.
LlkEXQNQnRUIG1KAnFvTMqH 31-03-2024 08:16 31-03-2024 09:56
EWkCcULzA8KULPfbJxwy7aQaWr 31-03-2024 04:21 31-03-2024 05:28
Y2EAaQr 31-03-2024 11:29
EWkCcULzA8KULPfbJxwy7aQaWr 31-03-2024 05:50 31-03-2024 07:08
LlkEXQNQnRUIG1KAnFvTMqH 31-03-2024 08:57 31-03-2024 09:16
LlkEXQNQnRUIG1KAnFvTMqH 31-03-2024 09:03 31-03-2024 09:40
77-VX-66: no entries found in any parking.
LlkEXQNQnRUIG1KAnFvTMqH 31-03-2024 05:18 31-03-2024 05:25
Y2EAaQr 31-03-2024 04:02 31-03-2024 05:15
LlkEXQNQnRUIG1KAnFvTMqH 31-03-2024 05:03 31-03-2024 05:31
LlkEXQNQnRUIG1KAnFvTMqH 31-03-2024 07:12 31-03-2024 07:39
LlkEXQNQnRUIG1KAnFvTMqH 31-03-2024 11:04
Y2EAaQr 31-03-2024 04:17 31-03-2024 06:00
Y2EAaQr 31-03-2024 08:03 31-03-2024 10:31
MH-HF-25: no entries found in any parking.
Y2EAaQr 31-03-2024 10:38 31-03-2024 12:09
LlkEXQNQnRUIG1KAnFvTMqH 31-03-2024 04:11 31-03-2024 05:35
LlkEXQNQnRUIG1KAnFvTMqH 31-03-2024 10:14 31-03-2024 10:21
EWkCcULzA8KULPfbJxwy7aQaWr 31-03-2024 05:57 31-03-2024 06:19
Y2EAaQr 31-03-2024 11:34 31-03-2024 11:55
EWkCcULzA8KULPfbJxwy7aQaWr 31-03-2024 07:33 31-03-2024 07:51
LlkEXQNQnRUIG1KAnFvTMqH 31-03-2024 05:45 31-03-2024 06:23
LlkEXQNQnRUIG1KAnFvTMqH 31-03-2024 06:56 31-03-2024 07:11
LlkEXQNQnRUIG1KAnFvTMqH 31-03-2024 10:20 31-03-2024 10:54
LlkEXQNQnRUIG1KAnFvTMqH 31-03-2024 05:29 31-03-2024 06:20
66-NJ-67: no entries found in any parking.
Y2EAaQr 31-03-2024 10:57 31-03-2024 12:10
LlkEXQNQnRUIG1KAnFvTMqH 31-03-2024 11:06 31-03-2024 11:10
EWkCcULzA8KULPfbJxwy7aQaWr 31-03-2024 11:42
LlkEXQNQnRUIG1KAnFvTMqH 31-03-2024 10:01 31-03-2024 10:46
Y2EAaQr 31-03-2024 11:00 31-03-2024 12:08
EWkCcULzA8KULPfbJxwy7aQaWr 31-03-2024 04:33 31-03-2024 05:53
21-13-ZG: no entries found in any parking.
10-VE-GE: no entries found in any parking.
EWkCcULzA8KULPfbJxwy7aQaWr 31-03-2024 09:30
EWkCcULzA8KULPfbJxwy7aQaWr 31-03-2024 12:05
LlkEXQNQnRUIG1KAnFvTMqH 31-03-2024 07:31 31-03-2024 08:05
LlkEXQNQnRUIG1KAnFvTMqH 31-03-2024 10:03 31-03-2024 10:12
Y2EAaQr 31-03-2024 08:12 31-03-2024 09:14
Y2EAaQr 31-03-2024 05:42 31-03-2024 06:54
EWkCcULzA8KULPfbJxwy7aQaWr 31-03-2024 10:28 31-03-2024 10:30
LlkEXQNQnRUIG1KAnFvTMqH 31-03-2024 06:29 31-03-2024 06:41
EWkCcULzA8KULPfbJxwy7aQaWr 31-03-2024 04:07 31-03-2024 06:03
Y2EAaQr 31-03-2024 06:34 31-03-2024 06:36
Y2EAaQr 31-03-2024 09:47 31-03-2024 09:54
ZN-11-24: no entries found in any parking.
LlkEXQNQnRUIG1KAnFvTMqH 31-03-2024 09:29 31-03-2024 09:45
Y2EAaQr 31-03-2024 07:30 31-03-2024 07:43
EWkCcULzA8KULPfbJxwy7aQaWr 31-03-2024 04:58 31-03-2024 05:02
LlkEXQNQnRUIG1KAnFvTMqH 31-03-2024 04:16 31-03-2024 04:37
Y2EAaQr 31-03-2024 11:07 31-03-2024 11:35
25-UN-37 04:47 1.20
VX-BW-57 05:02 0.40
EU-52-FA 05:13 2.20
UK-00-70 05:22 1.20
87-87-GD 05:28 2.20
AE-AG-05 05:37 1.20
76-VT-IC 05:53 2.80
04-00-YG 06:03 4.00
SP-LI-50 06:09 3.40
12-VO-16 06:19 0.80
13-34-BY 06:57 1.20
55-MF-06 07:07 2.20
RB-FH-46 07:08 2.80
PE-40-TV 07:50 1.20
IY-00-OI 07:51 0.80
UK-00-70 08:50 5.80
AE-36-73 09:08 3.40
DD-15-38 09:10 0.40
74-55-ZU 09:21 1.20
LG-02-47 10:00 1.20
SP-AT-45 10:06 0.80
25-CU-23 10:07 3.40
GF-XA-42 10:19 0.40
20-WR-HA 10:30 0.40
AE-AG-05 10:33 1.20
45-41-YZ 10:35 4.00
76-UL-UR 10:42 0.80
64-OU-SO 11:49 0.40
45-84-NN 12:03 2.80
RK-VM-84 04:35 0.30
IN-FU-75 04:44 0.60
LG-02-47 04:54 0.30
56-MC-FA 04:55 0.60
81-OV-RE 05:15 1.65
22-38-PC 05:19 0.30
15-35-LX 05:34 0.30
KX-15-TQ 06:00 2.55
62-82-CF 06:17 3.45
04-00-YG 06:36 0.30
45-84-NN 06:39 0.30
RY-53-11 06:45 1.65
75-17-NF 06:54 1.65
76-UL-UR 07:20 0.30
74-55-ZU 07:28 0.30
NF-60-LB 07:43 0.30
46-43-ZN 07:53 1.65
17-YZ-68 08:06 0.30
64-OU-SO 08:09 0.60
OO-80-LI 08:24 0.30
DB-BA-43 08:28 0.90
35-80-LN 08:54 0.30
BS-ZH-10 09:02 3.90
RY-53-11 09:12 1.65
10-35-BL 09:14 1.65
62-82-CF 09:15 1.20
DW-28-EE 09:27 3.45
AE-AG-05 09:43 3.00
06-34-CD 09:49 3.45
XR-81-VT 09:54 0.30
25-UN-37 10:10 0.30
XQ-86-ZB 10:25 0.90
KX-15-TQ 10:31 3.90
65-DD-64 11:13 1.65
SQ-RY-76 11:20 2.55
SP-AT-45 11:21 0.30
UT-GO-17 11:35 0.60
44-GZ-12 11:45 0.60
12-VO-16 11:55 0.60
CL-47-07 12:08 1.65
05-HD-34 12:09 2.55
IT-08-86 12:10 1.65
PB-DT-82 04:29 1.05
UT-GO-17 04:37 0.70
13-34-BY 04:38 1.05
DW-28-EE 04:50 1.05
DD-15-38 04:53 1.40
55-MF-06 05:24 0.70
55-76-RV 05:25 0.35
31-TB-NE 05:31 0.70
47-QX-46 05:35 2.30
SQ-RY-76 05:54 1.40
KS-AF-71 06:20 1.40
IY-00-OI 06:23 1.05
70-IY-XZ 06:31 1.05
20-WR-HA 06:41 0.35
AE-AG-05 06:46 1.85
76-UL-UR 06:48 0.35
VX-08-17 07:03 0.70
IY-00-OI 07:11 0.35
ZG-SP-24 07:23 0.70
KX-15-TQ 07:39 0.70
10-35-BL 08:05 1.05
BV-MD-28 08:13 0.70
PB-DT-82 08:14 1.40
GF-XA-42 08:34 4.10
15-35-LX 08:53 0.70
53-22-XI 09:00 0.35
RB-FH-46 09:16 0.70
17-YZ-68 09:17 1.05
25-UN-37 09:31 0.35
08-PM-SO 09:38 2.30
61-OS-72 09:40 1.05
10-CI-GX 09:44 0.35
85-XG-KG 09:45 0.70
PB-DT-82 09:51 2.30
25-AM-YC 09:56 2.75
10-35-BL 10:12 0.35
47-QX-46 10:21 0.35
23-DE-46 10:46 1.05
74-55-ZU 10:49 0.70
IY-00-OI 10:54 1.05
45-41-YZ 10:58 0.35
74-55-ZU 11:08 0.35
00-IO-05 11:10 0.35
74-55-ZU 11:57 1.05
43-70-SF 11:59 2.75
31-03-2024 53.80
31-03-2024 54.75
31-03-2024 47.40
EWkCcULzA8KULPfbJxwy7aQaWr
Y2EAaQr
Y2EAaQr
