parque1 10 10
parque1 9
parque1 8
parque1 7
parque1 6
parque1 5
parque1 4
parque1 3
parque1 2
parque1 1
parque1 0
parque1 10 0
AA-00-AA 01-01-2024 08:00 01-01-2024 09:59 3.20
AA-08-AA 01-01-2024 08:08 01-01-2024 10:00 3.20
AA-05-AA 01-01-2024 08:05 01-01-2024 10:20 3.70
AA-02-AA 01-01-2024 08:02 01-01-2024 11:01 5.20
parque1 10 4
